<testsuites id="" name="" tests="0" failures="0" skipped="0" errors="0" time="0.14463699999999993">
</testsuites>